An error occurred: Invalid file: array([ 0. , 0. , 0. , ..., -0.00039673, -0.00018311, -0.00018311])

An error occurred: Invalid file: array([[ 0. , 0. ], [ 0. , 0. ], [ 0. , 0. ], ..., [-0.00283813, -0.00283813], [-0.00076294, -0.00076294], [ 0.00054932, 0.00054932]])